
> orcish-dashboard@0.1.0 build
> next build

   Γû▓ Next.js 15.5.6
   - Environments: .env.local, .env

   Creating an optimized production build ...
 Γ£ô Compiled successfully in 11.2s
   Linting and checking validity of types ...
node.exe : 
At C:\Program Files\nodejs\npm.ps1:29 char:3
+   & $NODE_EXE $NPM_CLI_JS $args
+   ~~~~~~~~~~~~~~~~~~~~~~~~~~~~~
    + CategoryInfo          : NotSpecified: (:String) [], RemoteException
    + FullyQualifiedErrorId : NativeCommandError
 
Failed to compile.

./app/admin/catalog/page.tsx
21:44  Error: Unexpected any. Specify a different type.  @typescript-eslint/no-explicit-any
40:38  Error: Unexpected any. Specify a different type.  @typescript-eslint/no-explicit-any
42:48  Error: Unexpected any. Specify a different type.  @typescript-eslint/no-explicit-any
54:10  Warning: 'savingId' is assigned a value but never used.  @typescript-eslint/no-unused-vars
62:51  Error: Unexpected any. Specify a different type.  @typescript-eslint/no-explicit-any
63:6  Warning: React Hook useEffect has a missing dependency: 'router'. Either include it or remove the 
dependency array.  react-hooks/exhaustive-deps
69:39  Error: React Hook "useState" is called conditionally. React Hooks must be called in the exact same order 
in every component render.  react-hooks/rules-of-hooks
70:35  Error: React Hook "useState" is called conditionally. React Hooks must be called in the exact same order 
in every component render.  react-hooks/rules-of-hooks
71:29  Error: React Hook "useState" is called conditionally. React Hooks must be called in the exact same order 
in every component render.  react-hooks/rules-of-hooks
72:45  Error: React Hook "useState" is called conditionally. React Hooks must be called in the exact same order 
in every component render.  react-hooks/rules-of-hooks
73:39  Error: React Hook "useState" is called conditionally. React Hooks must be called in the exact same order 
in every component render.  react-hooks/rules-of-hooks
74:10  Warning: 'isLoading' is assigned a value but never used.  @typescript-eslint/no-unused-vars
74:37  Error: React Hook "useState" is called conditionally. React Hooks must be called in the exact same order 
in every component render.  react-hooks/rules-of-hooks
76:3  Error: React Hook "useEffect" is called conditionally. React Hooks must be called in the exact same order 
in every component render.  react-hooks/rules-of-hooks
88:66  Error: Unexpected any. Specify a different type.  @typescript-eslint/no-explicit-any
89:14  Warning: 'e' is defined but never used.  @typescript-eslint/no-unused-vars
93:71  Error: Unexpected any. Specify a different type.  @typescript-eslint/no-explicit-any
94:16  Warning: 'e' is defined but never used.  @typescript-eslint/no-unused-vars
96:6  Warning: React Hook useEffect has missing dependencies: 'fetchCategories', 'fetchList', and 'fetchUnits'. 
Either include them or remove the dependency array.  react-hooks/exhaustive-deps
98:3  Error: React Hook "useEffect" is called conditionally. React Hooks must be called in the exact same order 
in every component render.  react-hooks/rules-of-hooks
100:6  Warning: React Hook useEffect has a missing dependency: 'fetchList'. Either include it or remove the 
dependency array.  react-hooks/exhaustive-deps
121:14  Warning: 'err' is defined but never used.  @typescript-eslint/no-unused-vars
171:20  Error: Unexpected any. Specify a different type.  @typescript-eslint/no-explicit-any
192:13  Warning: 'p' is assigned a value but never used.  @typescript-eslint/no-unused-vars
217:14  Warning: 'err' is defined but never used.  @typescript-eslint/no-unused-vars
224:25  Error: Unexpected any. Specify a different type.  @typescript-eslint/no-explicit-any
240:18  Warning: 'saveEdit' is defined but never used.  @typescript-eslint/no-unused-vars
260:14  Warning: 'err' is defined but never used.  @typescript-eslint/no-unused-vars
285:14  Warning: 'err' is defined but never used.  @typescript-eslint/no-unused-vars
343:33  Error: Unexpected any. Specify a different type.  @typescript-eslint/no-explicit-any
346:35  Warning: Using `<img>` could result in slower LCP and higher bandwidth. Consider using `<Image />` from 
`next/image` or a custom image loader to automatically optimize images. This may incur additional usage or cost 
from your provider. See: https://nextjs.org/docs/messages/no-img-element  @next/next/no-img-element
396:45  Error: Unexpected any. Specify a different type.  @typescript-eslint/no-explicit-any
408:40  Error: Unexpected any. Specify a different type.  @typescript-eslint/no-explicit-any

./app/admin/catalog/[id]/page.tsx
15:17  Error: Unexpected any. Specify a different type.  @typescript-eslint/no-explicit-any
67:13  Warning: Using `<img>` could result in slower LCP and higher bandwidth. Consider using `<Image />` from 
`next/image` or a custom image loader to automatically optimize images. This may incur additional usage or cost 
from your provider. See: https://nextjs.org/docs/messages/no-img-element  @next/next/no-img-element
78:33  Error: Unexpected any. Specify a different type.  @typescript-eslint/no-explicit-any
90:43  Error: Unexpected any. Specify a different type.  @typescript-eslint/no-explicit-any
91:25  Warning: Using `<img>` could result in slower LCP and higher bandwidth. Consider using `<Image />` from 
`next/image` or a custom image loader to automatically optimize images. This may incur additional usage or cost 
from your provider. See: https://nextjs.org/docs/messages/no-img-element  @next/next/no-img-element

./app/admin/categories/page.tsx
23:38  Error: Unexpected any. Specify a different type.  @typescript-eslint/no-explicit-any
34:10  Warning: 'isCreating' is assigned a value but never used.  @typescript-eslint/no-unused-vars
36:10  Warning: 'deletingId' is assigned a value but never used.  @typescript-eslint/no-unused-vars
36:22  Warning: 'setDeletingId' is assigned a value but never used.  @typescript-eslint/no-unused-vars
48:44  Error: Unexpected any. Specify a different type.  @typescript-eslint/no-explicit-any
51:48  Error: Unexpected any. Specify a different type.  @typescript-eslint/no-explicit-any
53:58  Error: Unexpected any. Specify a different type.  @typescript-eslint/no-explicit-any
63:51  Error: Unexpected any. Specify a different type.  @typescript-eslint/no-explicit-any
64:6  Warning: React Hook useEffect has a missing dependency: 'router'. Either include it or remove the 
dependency array.  react-hooks/exhaustive-deps
68:3  Error: React Hook "useEffect" is called conditionally. React Hooks must be called in the exact same order 
in every component render.  react-hooks/rules-of-hooks
70:6  Warning: React Hook useEffect has a missing dependency: 'fetchList'. Either include it or remove the 
dependency array.  react-hooks/exhaustive-deps
99:27  Error: Unexpected any. Specify a different type.  @typescript-eslint/no-explicit-any
120:14  Warning: 'e' is defined but never used.  @typescript-eslint/no-unused-vars
133:27  Error: Unexpected any. Specify a different type.  @typescript-eslint/no-explicit-any
139:12  Warning: 'openView' is defined but never used.  @typescript-eslint/no-unused-vars
139:27  Error: Unexpected any. Specify a different type.  @typescript-eslint/no-explicit-any
147:22  Error: Unexpected any. Specify a different type.  @typescript-eslint/no-explicit-any
183:32  Error: Unexpected any. Specify a different type.  @typescript-eslint/no-explicit-any
207:18  Warning: 'createCategory' is defined but never used.  @typescript-eslint/no-unused-vars
210:17  Error: Unexpected any. Specify a different type.  @typescript-eslint/no-explicit-any
233:14  Warning: 'err' is defined but never used.  @typescript-eslint/no-unused-vars
240:12  Warning: 'startEdit' is defined but never used.  @typescript-eslint/no-unused-vars
240:25  Error: Unexpected any. Specify a different type.  @typescript-eslint/no-explicit-any
270:13  Warning: 'updated' is assigned a value but never used.  @typescript-eslint/no-unused-vars
277:14  Warning: 'err' is defined but never used.  @typescript-eslint/no-unused-vars
297:134  Error: Unexpected any. Specify a different type.  @typescript-eslint/no-explicit-any
297:159  Error: Unexpected any. Specify a different type.  @typescript-eslint/no-explicit-any
331:30  Error: Unexpected any. Specify a different type.  @typescript-eslint/no-explicit-any
385:79  Error: Unexpected any. Specify a different type.  @typescript-eslint/no-explicit-any

./app/admin/customers/page.tsx
8:46  Error: Unexpected any. Specify a different type.  @typescript-eslint/no-explicit-any
18:51  Error: Unexpected any. Specify a different type.  @typescript-eslint/no-explicit-any
19:6  Warning: React Hook useEffect has a missing dependency: 'router'. Either include it or remove the 
dependency array.  react-hooks/exhaustive-deps
23:6  Warning: React Hook useEffect has a missing dependency: 'fetchList'. Either include it or remove the 
dependency array.  react-hooks/exhaustive-deps
43:37  Error: Unexpected any. Specify a different type.  @typescript-eslint/no-explicit-any
45:14  Warning: 'e' is defined but never used.  @typescript-eslint/no-unused-vars

./app/admin/orders/page.tsx
8:40  Error: Unexpected any. Specify a different type.  @typescript-eslint/no-explicit-any
23:51  Error: Unexpected any. Specify a different type.  @typescript-eslint/no-explicit-any
24:6  Warning: React Hook useEffect has a missing dependency: 'router'. Either include it or remove the 
dependency array.  react-hooks/exhaustive-deps
28:6  Warning: React Hook useEffect has a missing dependency: 'fetchList'. Either include it or remove the 
dependency array.  react-hooks/exhaustive-deps
30:38  Error: Unexpected any. Specify a different type.  @typescript-eslint/no-explicit-any
59:14  Warning: 'e' is defined but never used.  @typescript-eslint/no-unused-vars
96:91  Error: Unexpected any. Specify a different type.  @typescript-eslint/no-explicit-any
123:41  Error: Unexpected any. Specify a different type.  @typescript-eslint/no-explicit-any

./app/admin/shops/page.tsx
9:10  Warning: 'Input' is defined but never used.  @typescript-eslint/no-unused-vars
13:38  Error: Unexpected any. Specify a different type.  @typescript-eslint/no-explicit-any
21:51  Error: Unexpected any. Specify a different type.  @typescript-eslint/no-explicit-any
22:6  Warning: React Hook useEffect has a missing dependency: 'router'. Either include it or remove the 
dependency array.  react-hooks/exhaustive-deps
27:39  Error: React Hook "useState" is called conditionally. React Hooks must be called in the exact same order 
in every component render.  react-hooks/rules-of-hooks
28:35  Error: React Hook "useState" is called conditionally. React Hooks must be called in the exact same order 
in every component render.  react-hooks/rules-of-hooks
29:29  Error: React Hook "useState" is called conditionally. React Hooks must be called in the exact same order 
in every component render.  react-hooks/rules-of-hooks
30:43  Error: React Hook "useState" is called conditionally. React Hooks must be called in the exact same order 
in every component render.  react-hooks/rules-of-hooks
31:49  Error: React Hook "useState" is called conditionally. React Hooks must be called in the exact same order 
in every component render.  react-hooks/rules-of-hooks
32:45  Error: React Hook "useState" is called conditionally. React Hooks must be called in the exact same order 
in every component render.  react-hooks/rules-of-hooks
33:39  Error: React Hook "useState" is called conditionally. React Hooks must be called in the exact same order 
in every component render.  react-hooks/rules-of-hooks
34:10  Warning: 'isLoading' is assigned a value but never used.  @typescript-eslint/no-unused-vars
34:37  Error: React Hook "useState" is called conditionally. React Hooks must be called in the exact same order 
in every component render.  react-hooks/rules-of-hooks
36:3  Error: React Hook "useEffect" is called conditionally. React Hooks must be called in the exact same order 
in every component render.  react-hooks/rules-of-hooks
38:6  Warning: React Hook useEffect has a missing dependency: 'fetchList'. Either include it or remove the 
dependency array.  react-hooks/exhaustive-deps
61:17  Error: Unexpected any. Specify a different type.  @typescript-eslint/no-explicit-any
86:113  Error: Unexpected any. Specify a different type.  @typescript-eslint/no-explicit-any
95:49  Error: React Hook "useState" is called conditionally. React Hooks must be called in the exact same order 
in every component render.  react-hooks/rules-of-hooks
96:49  Error: React Hook "useState" is called conditionally. React Hooks must be called in the exact same order 
in every component render.  react-hooks/rules-of-hooks
96:58  Error: Unexpected any. Specify a different type.  @typescript-eslint/no-explicit-any
97:53  Error: React Hook "useState" is called conditionally. React Hooks must be called in the exact same order 
in every component render.  react-hooks/rules-of-hooks
98:53  Error: React Hook "useState" is called conditionally. React Hooks must be called in the exact same order 
in every component render.  react-hooks/rules-of-hooks
99:47  Error: React Hook "useState" is called conditionally. React Hooks must be called in the exact same order 
in every component render.  react-hooks/rules-of-hooks
101:40  Error: Unexpected any. Specify a different type.  @typescript-eslint/no-explicit-any
120:20  Error: Unexpected any. Specify a different type.  @typescript-eslint/no-explicit-any
120:41  Error: Unexpected any. Specify a different type.  @typescript-eslint/no-explicit-any
136:20  Error: Unexpected any. Specify a different type.  @typescript-eslint/no-explicit-any
136:41  Error: Unexpected any. Specify a different type.  @typescript-eslint/no-explicit-any
138:14  Warning: 'err' is defined but never used.  @typescript-eslint/no-unused-vars
188:24  Error: Unexpected any. Specify a different type.  @typescript-eslint/no-explicit-any

./app/admin/shops/[id]/page.tsx
15:17  Error: Unexpected any. Specify a different type.  @typescript-eslint/no-explicit-any

./app/admin/units/classes/page.tsx
11:74  Warning: 'SheetFooter' is defined but never used.  @typescript-eslint/no-unused-vars
19:38  Error: Unexpected any. Specify a different type.  @typescript-eslint/no-explicit-any
20:10  Warning: 'isLoading' is assigned a value but never used.  @typescript-eslint/no-unused-vars
29:48  Error: Unexpected any. Specify a different type.  @typescript-eslint/no-explicit-any
33:51  Error: Unexpected any. Specify a different type.  @typescript-eslint/no-explicit-any
34:6  Warning: React Hook useEffect has a missing dependency: 'router'. Either include it or remove the 
dependency array.  react-hooks/exhaustive-deps
38:6  Warning: React Hook useEffect has a missing dependency: 'fetchList'. Either include it or remove the 
dependency array.  react-hooks/exhaustive-deps
139:30  Error: Unexpected any. Specify a different type.  @typescript-eslint/no-explicit-any

./app/admin/units/page.tsx
16:74  Warning: 'SheetFooter' is defined but never used.  @typescript-eslint/no-unused-vars
17:10  Warning: 'Label' is defined but never used.  @typescript-eslint/no-unused-vars
21:38  Error: Unexpected any. Specify a different type.  @typescript-eslint/no-explicit-any
38:10  Warning: 'isLoading' is assigned a value but never used.  @typescript-eslint/no-unused-vars
39:58  Error: Unexpected any. Specify a different type.  @typescript-eslint/no-explicit-any
52:23  Error: Unexpected any. Specify a different type.  @typescript-eslint/no-explicit-any
56:6  Warning: React Hook useEffect has a missing dependency: 'router'. Either include it or remove the 
dependency array.  react-hooks/exhaustive-deps
61:3  Error: React Hook "useEffect" is called conditionally. React Hooks must be called in the exact same order 
in every component render.  react-hooks/rules-of-hooks
63:6  Warning: React Hook useEffect has a missing dependency: 'fetchList'. Either include it or remove the 
dependency array.  react-hooks/exhaustive-deps
93:63  Error: Unexpected any. Specify a different type.  @typescript-eslint/no-explicit-any
94:82  Error: Unexpected any. Specify a different type.  @typescript-eslint/no-explicit-any
122:17  Error: Unexpected any. Specify a different type.  @typescript-eslint/no-explicit-any
139:20  Error: Unexpected any. Specify a different type.  @typescript-eslint/no-explicit-any
144:126  Warning: 'e' is defined but never used.  @typescript-eslint/no-unused-vars
145:14  Warning: 'err' is defined but never used.  @typescript-eslint/no-unused-vars
152:28  Error: Unexpected any. Specify a different type.  @typescript-eslint/no-explicit-any
185:17  Error: Unexpected any. Specify a different type.  @typescript-eslint/no-explicit-any
197:13  Warning: 'updated' is assigned a value but never used.  @typescript-eslint/no-unused-vars
208:115  Warning: 'e' is defined but never used.  @typescript-eslint/no-unused-vars
210:16  Warning: 'e' is defined but never used.  @typescript-eslint/no-unused-vars
214:14  Warning: 'err' is defined but never used.  @typescript-eslint/no-unused-vars
221:32  Error: Unexpected any. Specify a different type.  @typescript-eslint/no-explicit-any
233:26  Error: Unexpected any. Specify a different type.  @typescript-eslint/no-explicit-any
233:44  Error: Unexpected any. Specify a different type.  @typescript-eslint/no-explicit-any
233:58  Error: Unexpected any. Specify a different type.  @typescript-eslint/no-explicit-any
234:135  Warning: 'e' is defined but never used.  @typescript-eslint/no-unused-vars
271:30  Error: Unexpected any. Specify a different type.  @typescript-eslint/no-explicit-any

./app/admin/units/types/page.tsx
12:74  Warning: 'SheetFooter' is defined but never used.  @typescript-eslint/no-unused-vars
20:38  Error: Unexpected any. Specify a different type.  @typescript-eslint/no-explicit-any
21:10  Warning: 'isLoading' is assigned a value but never used.  @typescript-eslint/no-unused-vars
30:48  Error: Unexpected any. Specify a different type.  @typescript-eslint/no-explicit-any
33:42  Error: Unexpected any. Specify a different type.  @typescript-eslint/no-explicit-any
39:51  Error: Unexpected any. Specify a different type.  @typescript-eslint/no-explicit-any
40:6  Warning: React Hook useEffect has a missing dependency: 'router'. Either include it or remove the 
dependency array.  react-hooks/exhaustive-deps
45:6  Warning: React Hook useEffect has missing dependencies: 'fetchClasses' and 'fetchList'. Either include 
them or remove the dependency array.  react-hooks/exhaustive-deps
56:14  Warning: 'err' is defined but never used.  @typescript-eslint/no-unused-vars
107:24  Error: Unexpected any. Specify a different type.  @typescript-eslint/no-explicit-any
172:105  Error: Unexpected any. Specify a different type.  @typescript-eslint/no-explicit-any

./app/admin/users/page.tsx
20:51  Error: Unexpected any. Specify a different type.  @typescript-eslint/no-explicit-any
21:6  Warning: React Hook useEffect has a missing dependency: 'router'. Either include it or remove the 
dependency array.  react-hooks/exhaustive-deps
25:27  Error: React Hook "useState" is called conditionally. React Hooks must be called in the exact same order 
in every component render.  react-hooks/rules-of-hooks
26:29  Error: React Hook "useState" is called conditionally. React Hooks must be called in the exact same order 
in every component render.  react-hooks/rules-of-hooks
27:29  Error: React Hook "useState" is called conditionally. React Hooks must be called in the exact same order 
in every component render.  react-hooks/rules-of-hooks
29:3  Error: React Hook "useEffect" is called conditionally. React Hooks must be called in the exact same order 
in every component render.  react-hooks/rules-of-hooks
31:6  Warning: React Hook useEffect has a missing dependency: 'fetchList'. Either include it or remove the 
dependency array.  react-hooks/exhaustive-deps
68:20  Error: Unexpected any. Specify a different type.  @typescript-eslint/no-explicit-any
68:40  Error: Unexpected any. Specify a different type.  @typescript-eslint/no-explicit-any
124:30  Error: Unexpected any. Specify a different type.  @typescript-eslint/no-explicit-any

./app/api/admin/catalog/route.ts
7:29  Error: Unexpected any. Specify a different type.  @typescript-eslint/no-explicit-any
14:12  Warning: 'err' is defined but never used.  @typescript-eslint/no-unused-vars

./app/api/admin/categories/route.ts
7:29  Error: Unexpected any. Specify a different type.  @typescript-eslint/no-explicit-any
19:12  Warning: 'err' is defined but never used.  @typescript-eslint/no-unused-vars
34:15  Error: Unexpected any. Specify a different type.  @typescript-eslint/no-explicit-any
41:17  Error: Unexpected any. Specify a different type.  @typescript-eslint/no-explicit-any
52:15  Error: Unexpected any. Specify a different type.  @typescript-eslint/no-explicit-any
59:17  Error: Unexpected any. Specify a different type.  @typescript-eslint/no-explicit-any
76:17  Error: Unexpected any. Specify a different type.  @typescript-eslint/no-explicit-any

./app/api/admin/customers/route.ts
7:29  Error: Unexpected any. Specify a different type.  @typescript-eslint/no-explicit-any
18:18  Error: Unexpected any. Specify a different type.  @typescript-eslint/no-explicit-any
26:12  Warning: 'err' is defined but never used.  @typescript-eslint/no-unused-vars
40:17  Error: Unexpected any. Specify a different type.  @typescript-eslint/no-explicit-any

./app/api/admin/orders/export/route.ts
7:29  Error: Unexpected any. Specify a different type.  @typescript-eslint/no-explicit-any
10:25  Error: Unexpected any. Specify a different type.  @typescript-eslint/no-explicit-any
26:18  Error: Unexpected any. Specify a different type.  @typescript-eslint/no-explicit-any
38:41  Error: Unexpected any. Specify a different type.  @typescript-eslint/no-explicit-any
46:12  Warning: 'err' is defined but never used.  @typescript-eslint/no-unused-vars

./app/api/admin/orders/route.ts
7:29  Error: Unexpected any. Specify a different type.  @typescript-eslint/no-explicit-any
23:18  Error: Unexpected any. Specify a different type.  @typescript-eslint/no-explicit-any
34:12  Warning: 'err' is defined but never used.  @typescript-eslint/no-unused-vars
48:17  Error: Unexpected any. Specify a different type.  @typescript-eslint/no-explicit-any
62:17  Error: Unexpected any. Specify a different type.  @typescript-eslint/no-explicit-any

./app/api/admin/shops/route.ts
7:29  Error: Unexpected any. Specify a different type.  @typescript-eslint/no-explicit-any
21:198  Error: Unexpected any. Specify a different type.  @typescript-eslint/no-explicit-any
23:44  Error: Unexpected any. Specify a different type.  @typescript-eslint/no-explicit-any
40:18  Error: Unexpected any. Specify a different type.  @typescript-eslint/no-explicit-any
59:11  Error: Unexpected any. Specify a different type.  @typescript-eslint/no-explicit-any
98:12  Warning: 'err' is defined but never used.  @typescript-eslint/no-unused-vars
112:15  Error: Unexpected any. Specify a different type.  @typescript-eslint/no-explicit-any
125:17  Error: Unexpected any. Specify a different type.  @typescript-eslint/no-explicit-any

./app/api/admin/summary/route.ts
15:28  Error: Unexpected any. Specify a different type.  @typescript-eslint/no-explicit-any
50:19  Error: Unexpected any. Specify a different type.  @typescript-eslint/no-explicit-any
52:20  Error: Unexpected any. Specify a different type.  @typescript-eslint/no-explicit-any
60:21  Error: Unexpected any. Specify a different type.  @typescript-eslint/no-explicit-any
63:27  Error: Unexpected any. Specify a different type.  @typescript-eslint/no-explicit-any
71:12  Warning: 'err' is defined but never used.  @typescript-eslint/no-unused-vars

./app/api/admin/units/route.ts
7:29  Error: Unexpected any. Specify a different type.  @typescript-eslint/no-explicit-any
14:12  Warning: 'err' is defined but never used.  @typescript-eslint/no-unused-vars
33:15  Error: Unexpected any. Specify a different type.  @typescript-eslint/no-explicit-any
48:15  Error: Unexpected any. Specify a different type.  @typescript-eslint/no-explicit-any

./app/api/admin/users/route.ts
12:18  Error: Unexpected any. Specify a different type.  @typescript-eslint/no-explicit-any
23:12  Warning: 'err' is defined but never used.  @typescript-eslint/no-unused-vars
36:29  Error: Unexpected any. Specify a different type.  @typescript-eslint/no-explicit-any
48:17  Error: Unexpected any. Specify a different type.  @typescript-eslint/no-explicit-any

./app/api/catalog/route.ts
11:16  Error: Unexpected any. Specify a different type.  @typescript-eslint/no-explicit-any
58:17  Error: Unexpected any. Specify a different type.  @typescript-eslint/no-explicit-any
70:17  Error: Unexpected any. Specify a different type.  @typescript-eslint/no-explicit-any
82:17  Error: Unexpected any. Specify a different type.  @typescript-eslint/no-explicit-any

./app/auth/signin/page.tsx
15:17  Error: Unexpected any. Specify a different type.  @typescript-eslint/no-explicit-any

./components/admin-cards-wrapper.tsx
10:31  Error: Unexpected any. Specify a different type.  @typescript-eslint/no-explicit-any

./components/admin-cards.tsx
18:42  Error: Unexpected any. Specify a different type.  @typescript-eslint/no-explicit-any
72:28  Error: Unexpected any. Specify a different type.  @typescript-eslint/no-explicit-any
96:43  Error: Unexpected any. Specify a different type.  @typescript-eslint/no-explicit-any
106:42  Error: Unexpected any. Specify a different type.  @typescript-eslint/no-explicit-any
116:43  Error: Unexpected any. Specify a different type.  @typescript-eslint/no-explicit-any

./components/admin-links.tsx
19:31  Error: Unexpected any. Specify a different type.  @typescript-eslint/no-explicit-any
29:11  Error: Do not use an `<a>` element to navigate to `/admin/catalog/`. Use `<Link />` from `next/link` 
instead. See: https://nextjs.org/docs/messages/no-html-link-for-pages  @next/next/no-html-link-for-pages
40:11  Error: Do not use an `<a>` element to navigate to `/admin/shops/`. Use `<Link />` from `next/link` 
instead. See: https://nextjs.org/docs/messages/no-html-link-for-pages  @next/next/no-html-link-for-pages

./components/app-sidebar.tsx
8:3  Warning: 'IconBox' is defined but never used.  @typescript-eslint/no-unused-vars

./components/nav-main.tsx
3:10  Warning: 'IconCirclePlusFilled' is defined but never used.  @typescript-eslint/no-unused-vars
3:32  Warning: 'IconMail' is defined but never used.  @typescript-eslint/no-unused-vars
6:10  Warning: 'Button' is defined but never used.  @typescript-eslint/no-unused-vars
16:3  Warning: 'SidebarMenuAction' is defined but never used.  @typescript-eslint/no-unused-vars

./components/providers/session-provider.tsx
17:51  Error: Unexpected any. Specify a different type.  @typescript-eslint/no-explicit-any

./components/ui/collapsible.tsx
3:13  Warning: 'React' is defined but never used.  @typescript-eslint/no-unused-vars

./lib/auth.ts
28:39  Error: Unexpected any. Specify a different type.  @typescript-eslint/no-explicit-any
32:20  Error: Unexpected any. Specify a different type.  @typescript-eslint/no-explicit-any
32:47  Error: Unexpected any. Specify a different type.  @typescript-eslint/no-explicit-any
33:20  Error: Unexpected any. Specify a different type.  @typescript-eslint/no-explicit-any
33:45  Error: Unexpected any. Specify a different type.  @typescript-eslint/no-explicit-any

./lib/prisma.ts
4:3  Warning: Unused eslint-disable directive (no problems were reported from 'vars-on-top' or 'no-var').

info  - Need to disable some ESLint rules? Learn more here: 
https://nextjs.org/docs/app/api-reference/config/eslint#disabling-rules
